#2026 05 22 20:13:22.956#Z#DEBUG#935167e9-561a-11f1-95bd-eeee0a9c03bf.CAPM-html5-deployer#flowable-async-job-executor-thread-1243#
[PollExecuteTaskStatusExecution] 81750d85-e5e4-4404-a13f-d9559df00ea2 [2026-05-22T19:56:26.075790] Downloading droplet for app with guid 81750d85-e5e4-4404-a13f-d9559df00ea2 (STDOUT, API)#
#2026 05 22 20:13:22.956#Z#DEBUG#935167e9-561a-11f1-95bd-eeee0a9c03bf.CAPM-html5-deployer#flowable-async-job-executor-thread-1243#
[PollExecuteTaskStatusExecution] 81750d85-e5e4-4404-a13f-d9559df00ea2 [2026-05-22T20:12:54.454444] Updated app with guid 81750d85-e5e4-4404-a13f-d9559df00ea2 ({"lifecycle"=>{"data"=>{"buildpacks"=>["nodejs_buildpack"]}, "type"=>"buildpack"}}) (STDOUT, API)#
#2026 05 22 20:13:22.956#Z#DEBUG#935167e9-561a-11f1-95bd-eeee0a9c03bf.CAPM-html5-deployer#flowable-async-job-executor-thread-1243#
[PollExecuteTaskStatusExecution] 81750d85-e5e4-4404-a13f-d9559df00ea2 [2026-05-22T20:12:54.574981] Updating process: "web" (STDOUT, API)#
#2026 05 22 20:13:22.956#Z#DEBUG#935167e9-561a-11f1-95bd-eeee0a9c03bf.CAPM-html5-deployer#flowable-async-job-executor-thread-1243#
[PollExecuteTaskStatusExecution] 81750d85-e5e4-4404-a13f-d9559df00ea2 [2026-05-22T20:13:15.336275] Cell 906702e2-7264-42f0-9035-454030b49cf1 creating container for instance cefebe42-f241-4930-9b9a-5d036de14ff6 (STDOUT, CELL)#
#2026 05 22 20:13:22.956#Z#DEBUG#935167e9-561a-11f1-95bd-eeee0a9c03bf.CAPM-html5-deployer#flowable-async-job-executor-thread-1243#
[PollExecuteTaskStatusExecution] 81750d85-e5e4-4404-a13f-d9559df00ea2 [2026-05-22T20:13:15.669745] Security group rules were updated (STDOUT, CELL)#
#2026 05 22 20:13:22.956#Z#DEBUG#935167e9-561a-11f1-95bd-eeee0a9c03bf.CAPM-html5-deployer#flowable-async-job-executor-thread-1243#
[PollExecuteTaskStatusExecution] 81750d85-e5e4-4404-a13f-d9559df00ea2 [2026-05-22T20:13:15.724529] Cell 906702e2-7264-42f0-9035-454030b49cf1 successfully created container for instance cefebe42-f241-4930-9b9a-5d036de14ff6 (STDOUT, CELL)#
#2026 05 22 20:13:22.956#Z#DEBUG#935167e9-561a-11f1-95bd-eeee0a9c03bf.CAPM-html5-deployer#flowable-async-job-executor-thread-1243#
[PollExecuteTaskStatusExecution] 81750d85-e5e4-4404-a13f-d9559df00ea2 [2026-05-22T20:13:18.530347] Invoking pre-start scripts. (STDOUT, APP/TASK/deploy-html5-content)#
#2026 05 22 20:13:22.956#Z#DEBUG#935167e9-561a-11f1-95bd-eeee0a9c03bf.CAPM-html5-deployer#flowable-async-job-executor-thread-1243#
[PollExecuteTaskStatusExecution] 81750d85-e5e4-4404-a13f-d9559df00ea2 [2026-05-22T20:13:18.673165] Invoking start command. (STDOUT, APP/TASK/deploy-html5-content)#
#2026 05 22 20:13:22.956#Z#DEBUG#935167e9-561a-11f1-95bd-eeee0a9c03bf.CAPM-html5-deployer#flowable-async-job-executor-thread-1243#
[PollExecuteTaskStatusExecution] 81750d85-e5e4-4404-a13f-d9559df00ea2 [2026-05-22T20:13:19.021477] > capm-html5-deployer@1.0.0 start (STDOUT, APP/TASK/deploy-html5-content)#
#2026 05 22 20:13:22.956#Z#DEBUG#935167e9-561a-11f1-95bd-eeee0a9c03bf.CAPM-html5-deployer#flowable-async-job-executor-thread-1243#
[PollExecuteTaskStatusExecution] 81750d85-e5e4-4404-a13f-d9559df00ea2 [2026-05-22T20:13:19.021500] > node node_modules/@sap/html5-app-deployer/index.js (STDOUT, APP/TASK/deploy-html5-content)#
#2026 05 22 20:13:22.956#Z#DEBUG#935167e9-561a-11f1-95bd-eeee0a9c03bf.CAPM-html5-deployer#flowable-async-job-executor-thread-1243#
[PollExecuteTaskStatusExecution] 81750d85-e5e4-4404-a13f-d9559df00ea2 [2026-05-22T20:13:19.313468] {"logger":"nodejs-logger","type":"log","component_type":"application","component_id":"81750d85-e5e4-4404-a13f-d9559df00ea2","component_name":"CAPM-html5-deployer","layer":"[NODEJS]","organization_name":"development","organization_id":"377e4df2-1d9a-4b69-bf75-41cb9421f62b","space_name":"development","space_id":"4fc54213-8be3-419b-80ae-a99f2c7b387b","container_id":"10.5.9.7","msg":"Application Deployer started ..","level":"info","written_at":"2026-05-22T20:13:19.312Z","written_ts":1779480799312951000,"CODE":"2000"} (STDOUT, APP/TASK/deploy-html5-content)#
#2026 05 22 20:13:22.956#Z#DEBUG#935167e9-561a-11f1-95bd-eeee0a9c03bf.CAPM-html5-deployer#flowable-async-job-executor-thread-1243#
[PollExecuteTaskStatusExecution] 81750d85-e5e4-4404-a13f-d9559df00ea2 [2026-05-22T20:13:21.523785] Resources were successfully uploaded to Server (STDOUT, APP/TASK/deploy-html5-content)#
#2026 05 22 20:13:22.956#Z#DEBUG#935167e9-561a-11f1-95bd-eeee0a9c03bf.CAPM-html5-deployer#flowable-async-job-executor-thread-1243#
[PollExecuteTaskStatusExecution] 81750d85-e5e4-4404-a13f-d9559df00ea2 [2026-05-22T20:13:21.524029] {"logger":"nodejs-logger","type":"log","component_type":"application","component_id":"81750d85-e5e4-4404-a13f-d9559df00ea2","component_name":"CAPM-html5-deployer","layer":"[NODEJS]","organization_name":"development","organization_id":"377e4df2-1d9a-4b69-bf75-41cb9421f62b","space_name":"development","space_id":"4fc54213-8be3-419b-80ae-a99f2c7b387b","container_id":"10.5.9.7","msg":"Resources were successfully uploaded to Server","level":"info","written_at":"2026-05-22T20:13:21.523Z","written_ts":1779480801523241700,"CODE":"2002"} (STDOUT, APP/TASK/deploy-html5-content)#
#2026 05 22 20:13:22.956#Z#DEBUG#935167e9-561a-11f1-95bd-eeee0a9c03bf.CAPM-html5-deployer#flowable-async-job-executor-thread-1243#
[PollExecuteTaskStatusExecution] 81750d85-e5e4-4404-a13f-d9559df00ea2 [2026-05-22T20:13:21.524170] {"logger":"nodejs-logger","type":"log","component_type":"application","component_id":"81750d85-e5e4-4404-a13f-d9559df00ea2","component_name":"CAPM-html5-deployer","layer":"[NODEJS]","organization_name":"development","organization_id":"377e4df2-1d9a-4b69-bf75-41cb9421f62b","space_name":"development","space_id":"4fc54213-8be3-419b-80ae-a99f2c7b387b","container_id":"10.5.9.7","msg":"Application Deployer finished ..","level":"info","written_at":"2026-05-22T20:13:21.524Z","written_ts":1779480801524427500,"CODE":"2003"} (STDOUT, APP/TASK/deploy-html5-content)#
